                                 Started job on |	Jun 15 12:45:39
                             Started mapping on |	Jun 15 12:45:39
                                    Finished on |	Jun 15 12:45:40
       Mapping speed, Million of reads per hour |	7.43

                          Number of input reads |	2064
                      Average input read length |	50
                                    UNIQUE READS:
                   Uniquely mapped reads number |	2064
                        Uniquely mapped reads % |	100.00%
                          Average mapped length |	49.96
                       Number of splices: Total |	645
            Number of splices: Annotated (sjdb) |	645
                       Number of splices: GT/AG |	0
                       Number of splices: GC/AG |	19
                       Number of splices: AT/AC |	0
               Number of splices: Non-canonical |	626
                      Mismatch rate per base, % |	0.00%
                         Deletion rate per base |	0.00%
                        Deletion average length |	0.00
                        Insertion rate per base |	0.00%
                       Insertion average length |	0.00
                             MULTI-MAPPING READS:
        Number of reads mapped to multiple loci |	0
             % of reads mapped to multiple loci |	0.00%
        Number of reads mapped to too many loci |	0
             % of reads mapped to too many loci |	0.00%
                                  UNMAPPED READS:
  Number of reads unmapped: too many mismatches |	0
       % of reads unmapped: too many mismatches |	0.00%
            Number of reads unmapped: too short |	0
                 % of reads unmapped: too short |	0.00%
                Number of reads unmapped: other |	0
                     % of reads unmapped: other |	0.00%
                                  CHIMERIC READS:
                       Number of chimeric reads |	0
                            % of chimeric reads |	0.00%
