                                 Started job on |	Jun 15 12:45:36
                             Started mapping on |	Jun 15 12:45:36
                                    Finished on |	Jun 15 12:45:36
       Mapping speed, Million of reads per hour |	inf

                          Number of input reads |	8855
                      Average input read length |	50
                                    UNIQUE READS:
                   Uniquely mapped reads number |	8855
                        Uniquely mapped reads % |	100.00%
                          Average mapped length |	49.98
                       Number of splices: Total |	2578
            Number of splices: Annotated (sjdb) |	2578
                       Number of splices: GT/AG |	0
                       Number of splices: GC/AG |	76
                       Number of splices: AT/AC |	0
               Number of splices: Non-canonical |	2502
                      Mismatch rate per base, % |	0.00%
                         Deletion rate per base |	0.00%
                        Deletion average length |	0.00
                        Insertion rate per base |	0.00%
                       Insertion average length |	0.00
                             MULTI-MAPPING READS:
        Number of reads mapped to multiple loci |	0
             % of reads mapped to multiple loci |	0.00%
        Number of reads mapped to too many loci |	0
             % of reads mapped to too many loci |	0.00%
                                  UNMAPPED READS:
  Number of reads unmapped: too many mismatches |	0
       % of reads unmapped: too many mismatches |	0.00%
            Number of reads unmapped: too short |	0
                 % of reads unmapped: too short |	0.00%
                Number of reads unmapped: other |	0
                     % of reads unmapped: other |	0.00%
                                  CHIMERIC READS:
                       Number of chimeric reads |	0
                            % of chimeric reads |	0.00%
