STAR version=2.7.10b
STAR compilation time,server,dir=2022-11-01T09:53:26-04:00 :/home/dobin/data/STAR/STARcode/STAR.master/source
STAR git: On branch master ; commit c6f8efc2c7043ef83bf8b0d9bed36bbb6b9b1133 ; diff files: CHANGES.md 
##### Command Line:
STAR --runThreadN 3 --genomeDir /home/pballesteros/immunopepper/tests/data_simulated/simulated_Ipp/genome_idx --readFilesIn /home/pballesteros/immunopepper/tests/data_simulated/simulated_Ipp/simulated_Ipp_1_sample16.fq --outSAMtype BAM SortedByCoordinate --outFileNamePrefix /home/pballesteros/immunopepper/tests/data_simulated/simulated_Ipp/align/simulated_Ipp_1_sample16/ --outSAMattributes NH HI NM MD AS XS
##### Initial USER parameters from Command Line:
outFileNamePrefix                 /home/pballesteros/immunopepper/tests/data_simulated/simulated_Ipp/align/simulated_Ipp_1_sample16/
###### All USER parameters from Command Line:
runThreadN                    3     ~RE-DEFINED
genomeDir                     /home/pballesteros/immunopepper/tests/data_simulated/simulated_Ipp/genome_idx     ~RE-DEFINED
readFilesIn                   /home/pballesteros/immunopepper/tests/data_simulated/simulated_Ipp/simulated_Ipp_1_sample16.fq        ~RE-DEFINED
outSAMtype                    BAM   SortedByCoordinate        ~RE-DEFINED
outFileNamePrefix             /home/pballesteros/immunopepper/tests/data_simulated/simulated_Ipp/align/simulated_Ipp_1_sample16/     ~RE-DEFINED
outSAMattributes              NH   HI   NM   MD   AS   XS        ~RE-DEFINED
##### Finished reading parameters from all sources

##### Final user re-defined parameters-----------------:
runThreadN                        3
genomeDir                         /home/pballesteros/immunopepper/tests/data_simulated/simulated_Ipp/genome_idx
readFilesIn                       /home/pballesteros/immunopepper/tests/data_simulated/simulated_Ipp/simulated_Ipp_1_sample16.fq   
outFileNamePrefix                 /home/pballesteros/immunopepper/tests/data_simulated/simulated_Ipp/align/simulated_Ipp_1_sample16/
outSAMtype                        BAM   SortedByCoordinate   
outSAMattributes                  NH   HI   NM   MD   AS   XS   

-------------------------------
##### Final effective command line:
STAR   --runThreadN 3   --genomeDir /home/pballesteros/immunopepper/tests/data_simulated/simulated_Ipp/genome_idx   --readFilesIn /home/pballesteros/immunopepper/tests/data_simulated/simulated_Ipp/simulated_Ipp_1_sample16.fq      --outFileNamePrefix /home/pballesteros/immunopepper/tests/data_simulated/simulated_Ipp/align/simulated_Ipp_1_sample16/   --outSAMtype BAM   SortedByCoordinate      --outSAMattributes NH   HI   NM   MD   AS   XS   
----------------------------------------

Number of fastq files for each mate = 1
WARNING --outSAMattributes contains XS, therefore STAR will use --outSAMstrandField intronMotif
ParametersSolo: --soloCellFilterType CellRanger2.2 filtering parameters:  3000 0.99 10
WARNING: --limitBAMsortRAM=0, will use genome size as RAM limit for BAM sorting
Finished loading and checking parameters
Reading genome generation parameters:
### STAR   --runMode genomeGenerate      --runThreadN 3   --genomeDir /home/pballesteros/immunopepper/tests/data_simulated/simulated_Ipp/genome_idx   --genomeFastaFiles /home/pballesteros/immunopepper/tests/data_simulated/simulated_Ipp/genome.fa      --genomeSAindexNbases 5   --sjdbGTFfile /home/pballesteros/immunopepper/tests/data_simulated/simulated_Ipp/simulated_Ipp.gtf   --sjdbOverhang 25   --sjdbInsertSave Basic
### GstrandBit=32
versionGenome                 2.7.4a     ~RE-DEFINED
genomeType                    Full     ~RE-DEFINED
genomeFastaFiles              /home/pballesteros/immunopepper/tests/data_simulated/simulated_Ipp/genome.fa        ~RE-DEFINED
genomeSAindexNbases           5     ~RE-DEFINED
genomeChrBinNbits             18     ~RE-DEFINED
genomeSAsparseD               1     ~RE-DEFINED
genomeTransformType           None     ~RE-DEFINED
genomeTransformVCF            -     ~RE-DEFINED
sjdbOverhang                  25     ~RE-DEFINED
sjdbFileChrStartEnd           -        ~RE-DEFINED
sjdbGTFfile                   /home/pballesteros/immunopepper/tests/data_simulated/simulated_Ipp/simulated_Ipp.gtf     ~RE-DEFINED
sjdbGTFchrPrefix              -     ~RE-DEFINED
sjdbGTFfeatureExon            exon     ~RE-DEFINED
sjdbGTFtagExonParentTranscripttranscript_id     ~RE-DEFINED
sjdbGTFtagExonParentGene      gene_id     ~RE-DEFINED
sjdbInsertSave                Basic     ~RE-DEFINED
genomeFileSizes               263776   95703        ~RE-DEFINED
Genome version is compatible with current STAR
Number of real (reference) chromosomes= 1
1	1	10000	0
--sjdbOverhang = 25 taken from the generated genome
Started loading the genome: Thu Jun 15 12:45:35 2023

Genome: size given as a parameter = 263776
SA: size given as a parameter = 95703
SAindex: size given as a parameter = 1
Read from SAindex: pGe.gSAindexNbases=5  nSAi=1364
nGenome=263776;  nSAbyte=95703
GstrandBit=32   SA number of indices=23200
Shared memory is not used for genomes. Allocated a private copy of the genome.
Genome file size: 263776 bytes; state: good=1 eof=0 fail=0 bad=0
Loading Genome ... done! state: good=1 eof=0 fail=0 bad=0; loaded 263776 bytes
SA file size: 95703 bytes; state: good=1 eof=0 fail=0 bad=0
Loading SA ... done! state: good=1 eof=0 fail=0 bad=0; loaded 95703 bytes
Loading SAindex ... done: 6027 bytes
Finished loading the genome: Thu Jun 15 12:45:35 2023

Processing splice junctions database sjdbN=32,   pGe.sjdbOverhang=25 
alignIntronMax=alignMatesGapMax=0, the max intron size will be approximately determined by (2^winBinNbits)*winAnchorDistNbins=589824
Created thread # 1
Created thread # 2
Thread #0 end of input stream, nextChar=-1
Completed: thread #1
Completed: thread #2
BAM sorting: 3925 mapped reads
BAM sorting bins genomic start loci:
1	0	151
2	0	643
3	0	1071
4	0	1100
5	0	1141
6	0	1330
7	0	1362
8	0	1403
9	0	1497
10	0	1532
11	0	2128
12	0	2182
13	0	2372
14	0	2605
15	0	2778
16	0	4090
17	0	4146
18	0	4287
19	0	4400
20	0	4446
21	0	4591
22	0	4643
23	0	4737
24	0	4784
25	0	4901
26	0	5052
27	0	5125
28	0	5228
29	0	5284
30	0	5413
31	0	5573
32	0	5618
33	0	5681
34	0	5780
35	0	5828
36	0	5923
37	0	6085
38	0	6136
39	0	6187
40	0	6370
41	0	6478
42	0	6608
43	0	6662
44	0	6905
45	0	9068
46	0	9107
47	0	9219
48	0	9358
Completed: thread #0
Joined thread # 1
Joined thread # 2
Jun 15 12:45:35 ..... finished mapping
RAM after mapping:
VmPeak:	  606396 kB; VmSize:	  540860 kB; VmHWM:	  353780 kB; VmRSS:	  353272 kB; 
RAM after freeing genome index memory:
VmPeak:	  606396 kB; VmSize:	  540600 kB; VmHWM:	  353780 kB; VmRSS:	  353012 kB; 
Jun 15 12:45:35 ..... started sorting BAM
Max memory needed for sorting = 16636
ALL DONE!
